Copyright 1986-2018 Xilinx, Inc. All Rights Reserved.
---------------------------------------------------------------------------------------------------------
| Tool Version : Vivado v.2018.3 (lin64) Build 2405991 Thu Dec  6 23:36:41 MST 2018
| Date         : Tue May 17 08:20:47 2022
| Host         : lam running 64-bit Ubuntu 20.04.4 LTS
| Command      : report_utilization -hierarchical -file s005_rgbblink_utilization_hierarchical_place.rpt
| Design       : s005_rgbblink
| Device       : 7k325tffg900-2
| Design State : Fully Placed
---------------------------------------------------------------------------------------------------------

Utilization Design Information

Table of Contents
-----------------
1. Utilization by Hierarchy

1. Utilization by Hierarchy
---------------------------

+---------------+--------+------------+------------+---------+------+-----+--------+--------+--------------+
|    Instance   | Module | Total LUTs | Logic LUTs | LUTRAMs | SRLs | FFs | RAMB36 | RAMB18 | DSP48 Blocks |
+---------------+--------+------------+------------+---------+------+-----+--------+--------+--------------+
| s005_rgbblink |  (top) |        123 |        123 |       0 |    0 | 100 |      0 |      0 |            0 |
+---------------+--------+------------+------------+---------+------+-----+--------+--------+--------------+
* Note: The sum of lower-level cells may be larger than their parent cells total, due to cross-hierarchy LUT combining


